SQL> 
SQL> REM CASE MANIPULATION FUNCTIONS : UPPER LOWER INITCAP
SQL> 
SQL> REM CHARACTER MANIPULATION FUNCTIONS : CONCAT  LPAD RPAD  LTRIM RTRIM TRIM   LENGTH   TRANSLATE REPLACE   SUBSTR INSTR
SQL> 
SQL> SELECT CONCAT(FIRST_NAME,LAST_NAME) FROM EMPLOYEES;

CONCAT(FIRST_NAME,LAST_NAME)                                                    
------------------------------                                                  
StevenKing                                                                      
NeenaKochhar                                                                    
LexDe Haan                                                                      
AlexanderHunold                                                                 
BruceErnst                                                                      
DianaLorentz                                                                    
KevinMourgos                                                                    
TrennaRajs                                                                      
CurtisDavies                                                                    
RandallMatos                                                                    
PeterVargas                                                                     

CONCAT(FIRST_NAME,LAST_NAME)                                                    
------------------------------                                                  
EleniZlotkey                                                                    
EllenAbel                                                                       
JonathonTaylor                                                                  
KimerelyGrant                                                                   
JenniferWhalen                                                                  
MichaelHartstein                                                                
PatFay                                                                          
ShelleyHiggins                                                                  
WilliamGietz                                                                    

20 rows selected.

SQL> SET LINES 200 PAGES 24
SQL> 
SQL> SELECT CONCAT(FIRST_NAME,LAST_NAME) FROM EMPLOYEES;

CONCAT(FIRST_NAME,LAST_NAME)                                                                                                                                                                            
------------------------------                                                                                                                                                                          
StevenKing                                                                                                                                                                                              
NeenaKochhar                                                                                                                                                                                            
LexDe Haan                                                                                                                                                                                              
AlexanderHunold                                                                                                                                                                                         
BruceErnst                                                                                                                                                                                              
DianaLorentz                                                                                                                                                                                            
KevinMourgos                                                                                                                                                                                            
TrennaRajs                                                                                                                                                                                              
CurtisDavies                                                                                                                                                                                            
RandallMatos                                                                                                                                                                                            
PeterVargas                                                                                                                                                                                             
EleniZlotkey                                                                                                                                                                                            
EllenAbel                                                                                                                                                                                               
JonathonTaylor                                                                                                                                                                                          
KimerelyGrant                                                                                                                                                                                           
JenniferWhalen                                                                                                                                                                                          
MichaelHartstein                                                                                                                                                                                        
PatFay                                                                                                                                                                                                  
ShelleyHiggins                                                                                                                                                                                          
WilliamGietz                                                                                                                                                                                            

20 rows selected.

SQL> SELECT FIRST_NAME , LPAD(FIRST_NAME,10,'*') FROM EMPLOYEES;

FIRST_NAME      LPAD(FIRST_NAME,10,'*')                                                                                                                                                                 
--------------- ----------------------------------------                                                                                                                                                
Steven          ****Steven                                                                                                                                                                              
Neena           *****Neena                                                                                                                                                                              
Lex             *******Lex                                                                                                                                                                              
Alexander       *Alexander                                                                                                                                                                              
Bruce           *****Bruce                                                                                                                                                                              
Diana           *****Diana                                                                                                                                                                              
Kevin           *****Kevin                                                                                                                                                                              
Trenna          ****Trenna                                                                                                                                                                              
Curtis          ****Curtis                                                                                                                                                                              
Randall         ***Randall                                                                                                                                                                              
Peter           *****Peter                                                                                                                                                                              
Eleni           *****Eleni                                                                                                                                                                              
Ellen           *****Ellen                                                                                                                                                                              
Jonathon        **Jonathon                                                                                                                                                                              
Kimerely        **Kimerely                                                                                                                                                                              
Jennifer        **Jennifer                                                                                                                                                                              
Michael         ***Michael                                                                                                                                                                              
Pat             *******Pat                                                                                                                                                                              
Shelley         ***Shelley                                                                                                                                                                              
William         ***William                                                                                                                                                                              

20 rows selected.

SQL> SELECT FIRST_NAME , RPAD(FIRST_NAME,10,'*') FROM EMPLOYEES;

FIRST_NAME      RPAD(FIRST_NAME,10,'*')                                                                                                                                                                 
--------------- ----------------------------------------                                                                                                                                                
Steven          Steven****                                                                                                                                                                              
Neena           Neena*****                                                                                                                                                                              
Lex             Lex*******                                                                                                                                                                              
Alexander       Alexander*                                                                                                                                                                              
Bruce           Bruce*****                                                                                                                                                                              
Diana           Diana*****                                                                                                                                                                              
Kevin           Kevin*****                                                                                                                                                                              
Trenna          Trenna****                                                                                                                                                                              
Curtis          Curtis****                                                                                                                                                                              
Randall         Randall***                                                                                                                                                                              
Peter           Peter*****                                                                                                                                                                              
Eleni           Eleni*****                                                                                                                                                                              
Ellen           Ellen*****                                                                                                                                                                              
Jonathon        Jonathon**                                                                                                                                                                              
Kimerely        Kimerely**                                                                                                                                                                              
Jennifer        Jennifer**                                                                                                                                                                              
Michael         Michael***                                                                                                                                                                              
Pat             Pat*******                                                                                                                                                                              
Shelley         Shelley***                                                                                                                                                                              
William         William***                                                                                                                                                                              

20 rows selected.

SQL> SELECT HIRE_DATE , LTRIM(HIRE_DATE,'71') FROM EMPLOYEES;

HIRE_DATE LTRIM(HIRE_DATE,'7                                                                                                                                                                            
--------- ------------------                                                                                                                                                                            
17-JUL-87 -JUL-87                                                                                                                                                                                       
21-SEP-89 21-SEP-89                                                                                                                                                                                     
13-JAN-93 3-JAN-93                                                                                                                                                                                      
03-JAN-90 03-JAN-90                                                                                                                                                                                     
21-MAY-91 21-MAY-91                                                                                                                                                                                     
07-FEB-99 07-FEB-99                                                                                                                                                                                     
16-NOV-99 6-NOV-99                                                                                                                                                                                      
17-OCT-95 -OCT-95                                                                                                                                                                                       
29-JAN-97 29-JAN-97                                                                                                                                                                                     
15-MAR-98 5-MAR-98                                                                                                                                                                                      
09-JUL-98 09-JUL-98                                                                                                                                                                                     
29-JAN-00 29-JAN-00                                                                                                                                                                                     
11-MAY-96 -MAY-96                                                                                                                                                                                       
24-MAR-98 24-MAR-98                                                                                                                                                                                     
24-MAY-99 24-MAY-99                                                                                                                                                                                     
17-SEP-87 -SEP-87                                                                                                                                                                                       
17-FEB-96 -FEB-96                                                                                                                                                                                       
17-AUG-97 -AUG-97                                                                                                                                                                                       
07-JUN-94 07-JUN-94                                                                                                                                                                                     
07-JUN-94 07-JUN-94                                                                                                                                                                                     

20 rows selected.

SQL> SELECT HIRE_DATE , RTRIM(HIRE_DATE,'89') FROM EMPLOYEES;

HIRE_DATE RTRIM(HIRE_DATE,'8                                                                                                                                                                            
--------- ------------------                                                                                                                                                                            
17-JUL-87 17-JUL-87                                                                                                                                                                                     
21-SEP-89 21-SEP-                                                                                                                                                                                       
13-JAN-93 13-JAN-93                                                                                                                                                                                     
03-JAN-90 03-JAN-90                                                                                                                                                                                     
21-MAY-91 21-MAY-91                                                                                                                                                                                     
07-FEB-99 07-FEB-                                                                                                                                                                                       
16-NOV-99 16-NOV-                                                                                                                                                                                       
17-OCT-95 17-OCT-95                                                                                                                                                                                     
29-JAN-97 29-JAN-97                                                                                                                                                                                     
15-MAR-98 15-MAR-                                                                                                                                                                                       
09-JUL-98 09-JUL-                                                                                                                                                                                       
29-JAN-00 29-JAN-00                                                                                                                                                                                     
11-MAY-96 11-MAY-96                                                                                                                                                                                     
24-MAR-98 24-MAR-                                                                                                                                                                                       
24-MAY-99 24-MAY-                                                                                                                                                                                       
17-SEP-87 17-SEP-87                                                                                                                                                                                     
17-FEB-96 17-FEB-96                                                                                                                                                                                     
17-AUG-97 17-AUG-97                                                                                                                                                                                     
07-JUN-94 07-JUN-94                                                                                                                                                                                     
07-JUN-94 07-JUN-94                                                                                                                                                                                     

20 rows selected.

SQL> SELECT HIRE_DATE , TRIM(HIRE_DATE,'0') FROM EMPLOYEES;
SELECT HIRE_DATE , TRIM(HIRE_DATE,'0') FROM EMPLOYEES
                                 *
ERROR at line 1:
ORA-00907: missing right parenthesis 


SQL> SELECT HIRE_DATE , TRIM('0' FROM HIRE_DATE) FROM EMPLOYEES;

HIRE_DATE TRIM('0'FROMHIRE_D                                                                                                                                                                            
--------- ------------------                                                                                                                                                                            
17-JUL-87 17-JUL-87                                                                                                                                                                                     
21-SEP-89 21-SEP-89                                                                                                                                                                                     
13-JAN-93 13-JAN-93                                                                                                                                                                                     
03-JAN-90 3-JAN-9                                                                                                                                                                                       
21-MAY-91 21-MAY-91                                                                                                                                                                                     
07-FEB-99 7-FEB-99                                                                                                                                                                                      
16-NOV-99 16-NOV-99                                                                                                                                                                                     
17-OCT-95 17-OCT-95                                                                                                                                                                                     
29-JAN-97 29-JAN-97                                                                                                                                                                                     
15-MAR-98 15-MAR-98                                                                                                                                                                                     
09-JUL-98 9-JUL-98                                                                                                                                                                                      
29-JAN-00 29-JAN-                                                                                                                                                                                       
11-MAY-96 11-MAY-96                                                                                                                                                                                     
24-MAR-98 24-MAR-98                                                                                                                                                                                     
24-MAY-99 24-MAY-99                                                                                                                                                                                     
17-SEP-87 17-SEP-87                                                                                                                                                                                     
17-FEB-96 17-FEB-96                                                                                                                                                                                     
17-AUG-97 17-AUG-97                                                                                                                                                                                     
07-JUN-94 7-JUN-94                                                                                                                                                                                      
07-JUN-94 7-JUN-94                                                                                                                                                                                      

20 rows selected.

SQL> SELECT HIRE_DATE , TRIM(LEADING '0' FROM HIRE_DATE) FROM EMPLOYEES;

HIRE_DATE TRIM(LEADING'0'FRO                                                                                                                                                                            
--------- ------------------                                                                                                                                                                            
17-JUL-87 17-JUL-87                                                                                                                                                                                     
21-SEP-89 21-SEP-89                                                                                                                                                                                     
13-JAN-93 13-JAN-93                                                                                                                                                                                     
03-JAN-90 3-JAN-90                                                                                                                                                                                      
21-MAY-91 21-MAY-91                                                                                                                                                                                     
07-FEB-99 7-FEB-99                                                                                                                                                                                      
16-NOV-99 16-NOV-99                                                                                                                                                                                     
17-OCT-95 17-OCT-95                                                                                                                                                                                     
29-JAN-97 29-JAN-97                                                                                                                                                                                     
15-MAR-98 15-MAR-98                                                                                                                                                                                     
09-JUL-98 9-JUL-98                                                                                                                                                                                      
29-JAN-00 29-JAN-00                                                                                                                                                                                     
11-MAY-96 11-MAY-96                                                                                                                                                                                     
24-MAR-98 24-MAR-98                                                                                                                                                                                     
24-MAY-99 24-MAY-99                                                                                                                                                                                     
17-SEP-87 17-SEP-87                                                                                                                                                                                     
17-FEB-96 17-FEB-96                                                                                                                                                                                     
17-AUG-97 17-AUG-97                                                                                                                                                                                     
07-JUN-94 7-JUN-94                                                                                                                                                                                      
07-JUN-94 7-JUN-94                                                                                                                                                                                      

20 rows selected.

SQL> SELECT HIRE_DATE , TRIM(TRAILING '0' FROM HIRE_DATE) FROM EMPLOYEES;

HIRE_DATE TRIM(TRAILING'0'FR                                                                                                                                                                            
--------- ------------------                                                                                                                                                                            
17-JUL-87 17-JUL-87                                                                                                                                                                                     
21-SEP-89 21-SEP-89                                                                                                                                                                                     
13-JAN-93 13-JAN-93                                                                                                                                                                                     
03-JAN-90 03-JAN-9                                                                                                                                                                                      
21-MAY-91 21-MAY-91                                                                                                                                                                                     
07-FEB-99 07-FEB-99                                                                                                                                                                                     
16-NOV-99 16-NOV-99                                                                                                                                                                                     
17-OCT-95 17-OCT-95                                                                                                                                                                                     
29-JAN-97 29-JAN-97                                                                                                                                                                                     
15-MAR-98 15-MAR-98                                                                                                                                                                                     
09-JUL-98 09-JUL-98                                                                                                                                                                                     
29-JAN-00 29-JAN-                                                                                                                                                                                       
11-MAY-96 11-MAY-96                                                                                                                                                                                     
24-MAR-98 24-MAR-98                                                                                                                                                                                     
24-MAY-99 24-MAY-99                                                                                                                                                                                     
17-SEP-87 17-SEP-87                                                                                                                                                                                     
17-FEB-96 17-FEB-96                                                                                                                                                                                     
17-AUG-97 17-AUG-97                                                                                                                                                                                     
07-JUN-94 07-JUN-94                                                                                                                                                                                     
07-JUN-94 07-JUN-94                                                                                                                                                                                     

20 rows selected.

SQL> SELECT HIRE_DATE , TRIM('0' FROM HIRE_DATE) FROM EMPLOYEES;

HIRE_DATE TRIM('0'FROMHIRE_D                                                                                                                                                                            
--------- ------------------                                                                                                                                                                            
17-JUL-87 17-JUL-87                                                                                                                                                                                     
21-SEP-89 21-SEP-89                                                                                                                                                                                     
13-JAN-93 13-JAN-93                                                                                                                                                                                     
03-JAN-90 3-JAN-9                                                                                                                                                                                       
21-MAY-91 21-MAY-91                                                                                                                                                                                     
07-FEB-99 7-FEB-99                                                                                                                                                                                      
16-NOV-99 16-NOV-99                                                                                                                                                                                     
17-OCT-95 17-OCT-95                                                                                                                                                                                     
29-JAN-97 29-JAN-97                                                                                                                                                                                     
15-MAR-98 15-MAR-98                                                                                                                                                                                     
09-JUL-98 9-JUL-98                                                                                                                                                                                      
29-JAN-00 29-JAN-                                                                                                                                                                                       
11-MAY-96 11-MAY-96                                                                                                                                                                                     
24-MAR-98 24-MAR-98                                                                                                                                                                                     
24-MAY-99 24-MAY-99                                                                                                                                                                                     
17-SEP-87 17-SEP-87                                                                                                                                                                                     
17-FEB-96 17-FEB-96                                                                                                                                                                                     
17-AUG-97 17-AUG-97                                                                                                                                                                                     
07-JUN-94 7-JUN-94                                                                                                                                                                                      
07-JUN-94 7-JUN-94                                                                                                                                                                                      

20 rows selected.

SQL> SELECT HIRE_DATE , TRIM(BOTH '0' FROM HIRE_DATE) FROM EMPLOYEES;

HIRE_DATE TRIM(BOTH'0'FROMHI                                                                                                                                                                            
--------- ------------------                                                                                                                                                                            
17-JUL-87 17-JUL-87                                                                                                                                                                                     
21-SEP-89 21-SEP-89                                                                                                                                                                                     
13-JAN-93 13-JAN-93                                                                                                                                                                                     
03-JAN-90 3-JAN-9                                                                                                                                                                                       
21-MAY-91 21-MAY-91                                                                                                                                                                                     
07-FEB-99 7-FEB-99                                                                                                                                                                                      
16-NOV-99 16-NOV-99                                                                                                                                                                                     
17-OCT-95 17-OCT-95                                                                                                                                                                                     
29-JAN-97 29-JAN-97                                                                                                                                                                                     
15-MAR-98 15-MAR-98                                                                                                                                                                                     
09-JUL-98 9-JUL-98                                                                                                                                                                                      
29-JAN-00 29-JAN-                                                                                                                                                                                       
11-MAY-96 11-MAY-96                                                                                                                                                                                     
24-MAR-98 24-MAR-98                                                                                                                                                                                     
24-MAY-99 24-MAY-99                                                                                                                                                                                     
17-SEP-87 17-SEP-87                                                                                                                                                                                     
17-FEB-96 17-FEB-96                                                                                                                                                                                     
17-AUG-97 17-AUG-97                                                                                                                                                                                     
07-JUN-94 7-JUN-94                                                                                                                                                                                      
07-JUN-94 7-JUN-94                                                                                                                                                                                      

20 rows selected.

SQL> REM CASE MANIPULATION FUNCTIONS : UPPER LOWER INITCAP
SQL> 
SQL> REM CHARACTER MANIPULATION FUNCTIONS : CONCAT  LPAD RPAD  LTRIM RTRIM TRIM   LENGTH   TRANSLATE REPLACE   SUBSTR INSTR
SQL> 
SQL> SELECT FIRST_NAME , LENGTH(FIRST_NAME) FROM EMPLOYEES;

FIRST_NAME      LENGTH(FIRST_NAME)                                                                                                                                                                      
--------------- ------------------                                                                                                                                                                      
Steven                           6                                                                                                                                                                      
Neena                            5                                                                                                                                                                      
Lex                              3                                                                                                                                                                      
Alexander                        9                                                                                                                                                                      
Bruce                            5                                                                                                                                                                      
Diana                            5                                                                                                                                                                      
Kevin                            5                                                                                                                                                                      
Trenna                           6                                                                                                                                                                      
Curtis                           6                                                                                                                                                                      
Randall                          7                                                                                                                                                                      
Peter                            5                                                                                                                                                                      
Eleni                            5                                                                                                                                                                      
Ellen                            5                                                                                                                                                                      
Jonathon                         8                                                                                                                                                                      
Kimerely                         8                                                                                                                                                                      
Jennifer                         8                                                                                                                                                                      
Michael                          7                                                                                                                                                                      
Pat                              3                                                                                                                                                                      
Shelley                          7                                                                                                                                                                      
William                          7                                                                                                                                                                      

20 rows selected.

SQL> SELECT LAST_NAME , LENGTH(LAST_NAME) FROM EMPLOYEES;

LAST_NAME       LENGTH(LAST_NAME)                                                                                                                                                                       
--------------- -----------------                                                                                                                                                                       
King                            4                                                                                                                                                                       
Kochhar                         7                                                                                                                                                                       
De Haan                         7                                                                                                                                                                       
Hunold                          6                                                                                                                                                                       
Ernst                           5                                                                                                                                                                       
Lorentz                         7                                                                                                                                                                       
Mourgos                         7                                                                                                                                                                       
Rajs                            4                                                                                                                                                                       
Davies                          6                                                                                                                                                                       
Matos                           5                                                                                                                                                                       
Vargas                          6                                                                                                                                                                       
Zlotkey                         7                                                                                                                                                                       
Abel                            4                                                                                                                                                                       
Taylor                          6                                                                                                                                                                       
Grant                           5                                                                                                                                                                       
Whalen                          6                                                                                                                                                                       
Hartstein                       9                                                                                                                                                                       
Fay                             3                                                                                                                                                                       
Higgins                         7                                                                                                                                                                       
Gietz                           5                                                                                                                                                                       

20 rows selected.

SQL> REM ALL CHARACTER FUNCTIONS SUPPORT ALL 3 BASIC DATA TYPE INPUT. CHARACTER , NUMBER , DATE
SQL> 
SQL> SELECT SALARY , LENGTH(SALARY) FROM EMPLOYEES;

    SALARY LENGTH(SALARY)                                                                                                                                                                               
---------- --------------                                                                                                                                                                               
     24000              5                                                                                                                                                                               
     17000              5                                                                                                                                                                               
     17000              5                                                                                                                                                                               
      9000              4                                                                                                                                                                               
      6000              4                                                                                                                                                                               
      4200              4                                                                                                                                                                               
      5800              4                                                                                                                                                                               
      3500              4                                                                                                                                                                               
      3100              4                                                                                                                                                                               
      2600              4                                                                                                                                                                               
      2500              4                                                                                                                                                                               
     10500              5                                                                                                                                                                               
     11000              5                                                                                                                                                                               
      8600              4                                                                                                                                                                               
      7000              4                                                                                                                                                                               
      4400              4                                                                                                                                                                               
     13000              5                                                                                                                                                                               
      6000              4                                                                                                                                                                               
     12000              5                                                                                                                                                                               
      8300              4                                                                                                                                                                               

20 rows selected.

SQL> SELECT HIRE_DATE , LENGTH(HIRE_DATE) FROM EMPLOYEES;

HIRE_DATE LENGTH(HIRE_DATE)                                                                                                                                                                             
--------- -----------------                                                                                                                                                                             
17-JUL-87                 9                                                                                                                                                                             
21-SEP-89                 9                                                                                                                                                                             
13-JAN-93                 9                                                                                                                                                                             
03-JAN-90                 9                                                                                                                                                                             
21-MAY-91                 9                                                                                                                                                                             
07-FEB-99                 9                                                                                                                                                                             
16-NOV-99                 9                                                                                                                                                                             
17-OCT-95                 9                                                                                                                                                                             
29-JAN-97                 9                                                                                                                                                                             
15-MAR-98                 9                                                                                                                                                                             
09-JUL-98                 9                                                                                                                                                                             
29-JAN-00                 9                                                                                                                                                                             
11-MAY-96                 9                                                                                                                                                                             
24-MAR-98                 9                                                                                                                                                                             
24-MAY-99                 9                                                                                                                                                                             
17-SEP-87                 9                                                                                                                                                                             
17-FEB-96                 9                                                                                                                                                                             
17-AUG-97                 9                                                                                                                                                                             
07-JUN-94                 9                                                                                                                                                                             
07-JUN-94                 9                                                                                                                                                                             

20 rows selected.

SQL> REM DEFAULT DATE FORMAT : DD-MON-RR
SQL> 
SQL> REM SYSTEM VIEW : NLS_SESSION_PARAMETERS
SQL> 
SQL> SELECT * FROM NLS_SESSION_PARAMETERS;

PARAMETER                                                                                                                                                                                               
------------------------------------------------------------------------------------------------------------------------                                                                                
VALUE                                                                                                                                                                                                   
--------------------------------------------------------------------------------------------------------------------------------------------------------------------------------------------------------
NLS_LANGUAGE                                                                                                                                                                                            
AMERICAN                                                                                                                                                                                                
                                                                                                                                                                                                        
NLS_TERRITORY                                                                                                                                                                                           
AMERICA                                                                                                                                                                                                 
                                                                                                                                                                                                        
NLS_CURRENCY                                                                                                                                                                                            
$                                                                                                                                                                                                       
                                                                                                                                                                                                        
NLS_ISO_CURRENCY                                                                                                                                                                                        
AMERICA                                                                                                                                                                                                 
                                                                                                                                                                                                        
NLS_NUMERIC_CHARACTERS                                                                                                                                                                                  
.,                                                                                                                                                                                                      
                                                                                                                                                                                                        
NLS_CALENDAR                                                                                                                                                                                            
GREGORIAN                                                                                                                                                                                               
                                                                                                                                                                                                        
NLS_DATE_FORMAT                                                                                                                                                                                         

PARAMETER                                                                                                                                                                                               
------------------------------------------------------------------------------------------------------------------------                                                                                
VALUE                                                                                                                                                                                                   
--------------------------------------------------------------------------------------------------------------------------------------------------------------------------------------------------------
DD-MON-RR                                                                                                                                                                                               
                                                                                                                                                                                                        
NLS_DATE_LANGUAGE                                                                                                                                                                                       
AMERICAN                                                                                                                                                                                                
                                                                                                                                                                                                        
NLS_SORT                                                                                                                                                                                                
BINARY                                                                                                                                                                                                  
                                                                                                                                                                                                        
NLS_TIME_FORMAT                                                                                                                                                                                         
HH.MI.SSXFF AM                                                                                                                                                                                          
                                                                                                                                                                                                        
NLS_TIMESTAMP_FORMAT                                                                                                                                                                                    
DD-MON-RR HH.MI.SSXFF AM                                                                                                                                                                                
                                                                                                                                                                                                        
NLS_TIME_TZ_FORMAT                                                                                                                                                                                      
HH.MI.SSXFF AM TZR                                                                                                                                                                                      
                                                                                                                                                                                                        
NLS_TIMESTAMP_TZ_FORMAT                                                                                                                                                                                 
DD-MON-RR HH.MI.SSXFF AM TZR                                                                                                                                                                            

PARAMETER                                                                                                                                                                                               
------------------------------------------------------------------------------------------------------------------------                                                                                
VALUE                                                                                                                                                                                                   
--------------------------------------------------------------------------------------------------------------------------------------------------------------------------------------------------------
                                                                                                                                                                                                        
NLS_DUAL_CURRENCY                                                                                                                                                                                       
$                                                                                                                                                                                                       
                                                                                                                                                                                                        
NLS_COMP                                                                                                                                                                                                
BINARY                                                                                                                                                                                                  
                                                                                                                                                                                                        
NLS_LENGTH_SEMANTICS                                                                                                                                                                                    
BYTE                                                                                                                                                                                                    
                                                                                                                                                                                                        
NLS_NCHAR_CONV_EXCP                                                                                                                                                                                     
FALSE                                                                                                                                                                                                   
                                                                                                                                                                                                        

17 rows selected.

SQL> COL PARAMETER FORMAT A30
SQL> 
SQL> COL VALUE FORMAT A30
SQL> 
SQL> R
  1* SELECT * FROM NLS_SESSION_PARAMETERS

PARAMETER                      VALUE                                                                                                                                                                    
------------------------------ ------------------------------                                                                                                                                           
NLS_LANGUAGE                   AMERICAN                                                                                                                                                                 
NLS_TERRITORY                  AMERICA                                                                                                                                                                  
NLS_CURRENCY                   $                                                                                                                                                                        
NLS_ISO_CURRENCY               AMERICA                                                                                                                                                                  
NLS_NUMERIC_CHARACTERS         .,                                                                                                                                                                       
NLS_CALENDAR                   GREGORIAN                                                                                                                                                                
NLS_DATE_FORMAT                DD-MON-RR                                                                                                                                                                
NLS_DATE_LANGUAGE              AMERICAN                                                                                                                                                                 
NLS_SORT                       BINARY                                                                                                                                                                   
NLS_TIME_FORMAT                HH.MI.SSXFF AM                                                                                                                                                           
NLS_TIMESTAMP_FORMAT           DD-MON-RR HH.MI.SSXFF AM                                                                                                                                                 
NLS_TIME_TZ_FORMAT             HH.MI.SSXFF AM TZR                                                                                                                                                       
NLS_TIMESTAMP_TZ_FORMAT        DD-MON-RR HH.MI.SSXFF AM TZR                                                                                                                                             
NLS_DUAL_CURRENCY              $                                                                                                                                                                        
NLS_COMP                       BINARY                                                                                                                                                                   
NLS_LENGTH_SEMANTICS           BYTE                                                                                                                                                                     
NLS_NCHAR_CONV_EXCP            FALSE                                                                                                                                                                    

17 rows selected.

SQL> REM NLS : NATIONAL LANGUAGE SUPPORT
SQL> 
SQL> REM TO CHANGE DATE DEFAULT FORMAT : ALTER SESSION ...
SQL> 
SQL> ALTER SESSION SET NLS_DATE_FORMAT = 'DD-MON-RRRR';

Session altered.

SQL> SELECT * FROM NLS_SESSION_PARAMETERS;

PARAMETER                      VALUE                                                                                                                                                                    
------------------------------ ------------------------------                                                                                                                                           
NLS_LANGUAGE                   AMERICAN                                                                                                                                                                 
NLS_TERRITORY                  AMERICA                                                                                                                                                                  
NLS_CURRENCY                   $                                                                                                                                                                        
NLS_ISO_CURRENCY               AMERICA                                                                                                                                                                  
NLS_NUMERIC_CHARACTERS         .,                                                                                                                                                                       
NLS_CALENDAR                   GREGORIAN                                                                                                                                                                
NLS_DATE_FORMAT                DD-MON-RRRR                                                                                                                                                              
NLS_DATE_LANGUAGE              AMERICAN                                                                                                                                                                 
NLS_SORT                       BINARY                                                                                                                                                                   
NLS_TIME_FORMAT                HH.MI.SSXFF AM                                                                                                                                                           
NLS_TIMESTAMP_FORMAT           DD-MON-RR HH.MI.SSXFF AM                                                                                                                                                 
NLS_TIME_TZ_FORMAT             HH.MI.SSXFF AM TZR                                                                                                                                                       
NLS_TIMESTAMP_TZ_FORMAT        DD-MON-RR HH.MI.SSXFF AM TZR                                                                                                                                             
NLS_DUAL_CURRENCY              $                                                                                                                                                                        
NLS_COMP                       BINARY                                                                                                                                                                   
NLS_LENGTH_SEMANTICS           BYTE                                                                                                                                                                     
NLS_NCHAR_CONV_EXCP            FALSE                                                                                                                                                                    

17 rows selected.

SQL> SELECT HIRE_DATE , LENGTH(HIRE_DATE) FROM EMPLOYEES;

HIRE_DATE   LENGTH(HIRE_DATE)                                                                                                                                                                           
----------- -----------------                                                                                                                                                                           
17-JUL-1987                11                                                                                                                                                                           
21-SEP-1989                11                                                                                                                                                                           
13-JAN-1993                11                                                                                                                                                                           
03-JAN-1990                11                                                                                                                                                                           
21-MAY-1991                11                                                                                                                                                                           
07-FEB-1999                11                                                                                                                                                                           
16-NOV-1999                11                                                                                                                                                                           
17-OCT-1995                11                                                                                                                                                                           
29-JAN-1997                11                                                                                                                                                                           
15-MAR-1998                11                                                                                                                                                                           
09-JUL-1998                11                                                                                                                                                                           
29-JAN-2000                11                                                                                                                                                                           
11-MAY-1996                11                                                                                                                                                                           
24-MAR-1998                11                                                                                                                                                                           
24-MAY-1999                11                                                                                                                                                                           
17-SEP-1987                11                                                                                                                                                                           
17-FEB-1996                11                                                                                                                                                                           
17-AUG-1997                11                                                                                                                                                                           
07-JUN-1994                11                                                                                                                                                                           
07-JUN-1994                11                                                                                                                                                                           

20 rows selected.

SQL> ALTER SESSION SET NLS_DATE_FORMAT = 'DD-MONTH-RRRR';

Session altered.

SQL> SELECT HIRE_DATE , LENGTH(HIRE_DATE) FROM EMPLOYEES;

HIRE_DATE         LENGTH(HIRE_DATE)                                                                                                                                                                     
----------------- -----------------                                                                                                                                                                     
17-JULY     -1987                17                                                                                                                                                                     
21-SEPTEMBER-1989                17                                                                                                                                                                     
13-JANUARY  -1993                17                                                                                                                                                                     
03-JANUARY  -1990                17                                                                                                                                                                     
21-MAY      -1991                17                                                                                                                                                                     
07-FEBRUARY -1999                17                                                                                                                                                                     
16-NOVEMBER -1999                17                                                                                                                                                                     
17-OCTOBER  -1995                17                                                                                                                                                                     
29-JANUARY  -1997                17                                                                                                                                                                     
15-MARCH    -1998                17                                                                                                                                                                     
09-JULY     -1998                17                                                                                                                                                                     
29-JANUARY  -2000                17                                                                                                                                                                     
11-MAY      -1996                17                                                                                                                                                                     
24-MARCH    -1998                17                                                                                                                                                                     
24-MAY      -1999                17                                                                                                                                                                     
17-SEPTEMBER-1987                17                                                                                                                                                                     
17-FEBRUARY -1996                17                                                                                                                                                                     
17-AUGUST   -1997                17                                                                                                                                                                     
07-JUNE     -1994                17                                                                                                                                                                     
07-JUNE     -1994                17                                                                                                                                                                     

20 rows selected.

SQL> REM FIND LENGTH OF FULLNAME
SQL> 
SQL> SELECT FIRST_NAME || LAST_NAME FULLNAME FROM EMPLOYEES;

FULLNAME                                                                                                                                                                                                
------------------------------                                                                                                                                                                          
StevenKing                                                                                                                                                                                              
NeenaKochhar                                                                                                                                                                                            
LexDe Haan                                                                                                                                                                                              
AlexanderHunold                                                                                                                                                                                         
BruceErnst                                                                                                                                                                                              
DianaLorentz                                                                                                                                                                                            
KevinMourgos                                                                                                                                                                                            
TrennaRajs                                                                                                                                                                                              
CurtisDavies                                                                                                                                                                                            
RandallMatos                                                                                                                                                                                            
PeterVargas                                                                                                                                                                                             
EleniZlotkey                                                                                                                                                                                            
EllenAbel                                                                                                                                                                                               
JonathonTaylor                                                                                                                                                                                          
KimerelyGrant                                                                                                                                                                                           
JenniferWhalen                                                                                                                                                                                          
MichaelHartstein                                                                                                                                                                                        
PatFay                                                                                                                                                                                                  
ShelleyHiggins                                                                                                                                                                                          
WilliamGietz                                                                                                                                                                                            

20 rows selected.

SQL> SELECT FIRST_NAME || LAST_NAME FULLNAME , LENGTH(FULLNAME) FROM EMPLOYEES;
SELECT FIRST_NAME || LAST_NAME FULLNAME , LENGTH(FULLNAME) FROM EMPLOYEES
                                                 *
ERROR at line 1:
ORA-00904: "FULLNAME": invalid identifier 


SQL> SELECT FIRST_NAME || LAST_NAME FULLNAME , LENGTH(FIRST_NAME,LAST_NAME) FROM EMPLOYEES;
SELECT FIRST_NAME || LAST_NAME FULLNAME , LENGTH(FIRST_NAME,LAST_NAME) FROM EMPLOYEES
                                          *
ERROR at line 1:
ORA-00909: invalid number of arguments 


SQL> SELECT FIRST_NAME || LAST_NAME FULLNAME , LENGTH(FIRST_NAME || LAST_NAME) FROM EMPLOYEES;

FULLNAME                       LENGTH(FIRST_NAME||LAST_NAME)                                                                                                                                            
------------------------------ -----------------------------                                                                                                                                            
StevenKing                                                10                                                                                                                                            
NeenaKochhar                                              12                                                                                                                                            
LexDe Haan                                                10                                                                                                                                            
AlexanderHunold                                           15                                                                                                                                            
BruceErnst                                                10                                                                                                                                            
DianaLorentz                                              12                                                                                                                                            
KevinMourgos                                              12                                                                                                                                            
TrennaRajs                                                10                                                                                                                                            
CurtisDavies                                              12                                                                                                                                            
RandallMatos                                              12                                                                                                                                            
PeterVargas                                               11                                                                                                                                            
EleniZlotkey                                              12                                                                                                                                            
EllenAbel                                                  9                                                                                                                                            
JonathonTaylor                                            14                                                                                                                                            
KimerelyGrant                                             13                                                                                                                                            
JenniferWhalen                                            14                                                                                                                                            
MichaelHartstein                                          16                                                                                                                                            
PatFay                                                     6                                                                                                                                            
ShelleyHiggins                                            14                                                                                                                                            
WilliamGietz                                              12                                                                                                                                            

20 rows selected.

SQL> REM DISPLAY THOSE WHO GETE SALARY IN 5 FIGURES : TWO STYLES
SQL> 
SQL> SELECT FIRST_NAME , SALARY FROM EMPLOYEES
  2  WHERE SALARY LIKE '_____';

FIRST_NAME          SALARY                                                                                                                                                                              
--------------- ----------                                                                                                                                                                              
Steven               24000                                                                                                                                                                              
Neena                17000                                                                                                                                                                              
Lex                  17000                                                                                                                                                                              
Eleni                10500                                                                                                                                                                              
Ellen                11000                                                                                                                                                                              
Michael              13000                                                                                                                                                                              
Shelley              12000                                                                                                                                                                              

7 rows selected.

SQL> SELECT FIRST_NAME , SALARY FROM EMPLOYEES
  2  WHERE LENGTH(SALARY) = 5;

FIRST_NAME          SALARY                                                                                                                                                                              
--------------- ----------                                                                                                                                                                              
Steven               24000                                                                                                                                                                              
Neena                17000                                                                                                                                                                              
Lex                  17000                                                                                                                                                                              
Eleni                10500                                                                                                                                                                              
Ellen                11000                                                                                                                                                                              
Michael              13000                                                                                                                                                                              
Shelley              12000                                                                                                                                                                              

7 rows selected.

SQL> REM DISPLAY THOSE WHOSE LAST_NAME SPELLING IS 6 OR LESS : TWO STYLES
SQL> 
SQL> SELECT LAST_NAME , LENGTH(LAST_NAME) FROM EMPLOYEES WHERE LAST_NAME NOT LIKE '_______%';

LAST_NAME       LENGTH(LAST_NAME)                                                                                                                                                                       
--------------- -----------------                                                                                                                                                                       
King                            4                                                                                                                                                                       
Hunold                          6                                                                                                                                                                       
Ernst                           5                                                                                                                                                                       
Rajs                            4                                                                                                                                                                       
Davies                          6                                                                                                                                                                       
Matos                           5                                                                                                                                                                       
Vargas                          6                                                                                                                                                                       
Abel                            4                                                                                                                                                                       
Taylor                          6                                                                                                                                                                       
Grant                           5                                                                                                                                                                       
Whalen                          6                                                                                                                                                                       
Fay                             3                                                                                                                                                                       
Gietz                           5                                                                                                                                                                       

13 rows selected.

SQL> SELECT LAST_NAME , LENGTH(LAST_NAME) FROM EMPLOYEES WHERE LENGTH(LAST_NAME) <= 6';
ERROR:
ORA-01756: quoted string not properly terminated 


SQL> SELECT LAST_NAME , LENGTH(LAST_NAME) FROM EMPLOYEES WHERE LENGTH(LAST_NAME) <= 6;

LAST_NAME       LENGTH(LAST_NAME)                                                                                                                                                                       
--------------- -----------------                                                                                                                                                                       
King                            4                                                                                                                                                                       
Hunold                          6                                                                                                                                                                       
Ernst                           5                                                                                                                                                                       
Rajs                            4                                                                                                                                                                       
Davies                          6                                                                                                                                                                       
Matos                           5                                                                                                                                                                       
Vargas                          6                                                                                                                                                                       
Abel                            4                                                                                                                                                                       
Taylor                          6                                                                                                                                                                       
Grant                           5                                                                                                                                                                       
Whalen                          6                                                                                                                                                                       
Fay                             3                                                                                                                                                                       
Gietz                           5                                                                                                                                                                       

13 rows selected.

SQL> SELECT * FROM EMPLOYEES;

EMPLOYEE_ID FIRST_NAME      LAST_NAME       EMAIL      PHONE_NUMBER         HIRE_DATE         JOB_ID         SALARY COMMISSION_PCT MANAGER_ID DEPARTMENT_ID                                             
----------- --------------- --------------- ---------- -------------------- ----------------- ---------- ---------- -------------- ---------- -------------                                             
        100 Steven          King            SKING      515.123.4567         17-JULY     -1987 AD_PRES         24000                                      90                                             
        101 Neena           Kochhar         NKOCHHAR   515.123.4568         21-SEPTEMBER-1989 AD_VP           17000                       100            90                                             
        102 Lex             De Haan         LDEHAAN    515.123.4569         13-JANUARY  -1993 AD_VP           17000                       100            90                                             
        103 Alexander       Hunold          AHUNOLD    590.423.4567         03-JANUARY  -1990 IT_PROG          9000                       102            60                                             
        104 Bruce           Ernst           BERNST     590.423.4568         21-MAY      -1991 IT_PROG          6000                       103            60                                             
        107 Diana           Lorentz         DLORENTZ   590.423.5567         07-FEBRUARY -1999 IT_PROG          4200                       103            60                                             
        124 Kevin           Mourgos         KMOURGOS   650.123.5234         16-NOVEMBER -1999 ST_MAN           5800                       100            50                                             
        141 Trenna          Rajs            TRAJS      650.121.8009         17-OCTOBER  -1995 ST_CLERK         3500                       124            50                                             
        142 Curtis          Davies          CDAVIES    650.121.2994         29-JANUARY  -1997 ST_CLERK         3100                       124            50                                             
        143 Randall         Matos           RMATOS     650.121.2874         15-MARCH    -1998 ST_CLERK         2600                       124            50                                             
        144 Peter           Vargas          PVARGAS    650.121.2004         09-JULY     -1998 ST_CLERK         2500                       124            50                                             
        149 Eleni           Zlotkey         EZLOTKEY   011.44.1344.429018   29-JANUARY  -2000 SA_MAN          10500             .2        100            80                                             
        174 Ellen           Abel            EABEL      011.44.1644.429267   11-MAY      -1996 SA_REP          11000             .3        149            80                                             
        176 Jonathon        Taylor          JTAYLOR    011.44.1644.429265   24-MARCH    -1998 SA_REP           8600             .3        149            80                                             
        178 Kimerely        Grant           KGRANT     011.44.1644.429263   24-MAY      -1999 SA_REP           7000            .15        149                                                           
        200 Jennifer        Whalen          JWHALEN    515.123.4444         17-SEPTEMBER-1987 AD_ASST          4400                       101            10                                             
        201 Michael         Hartstein       MHARTSTE   515.123.5555         17-FEBRUARY -1996 MK_MAN          13000                       100            20                                             
        202 Pat             Fay             PFAY       603.123.6666         17-AUGUST   -1997 MK_REP           6000                       201            20                                             
        205 Shelley         Higgins         SHIGGINS   515.123.8080         07-JUNE     -1994 AC_MGR          12000                       101           110                                             
        206 William         Gietz           WGIETZ     515.123.8181         07-JUNE     -1994 AC_ACCOUNT       8300                       205           110                                             

20 rows selected.

SQL> REM WRITE COMMAND TO DISPLAY ALL NLS PARAMETERS
SQL> 
SQL> SELECT * FROM NLS_SESSION_PARAMETERS;

PARAMETER                      VALUE                                                                                                                                                                    
------------------------------ ------------------------------                                                                                                                                           
NLS_LANGUAGE                   AMERICAN                                                                                                                                                                 
NLS_TERRITORY                  AMERICA                                                                                                                                                                  
NLS_CURRENCY                   $                                                                                                                                                                        
NLS_ISO_CURRENCY               AMERICA                                                                                                                                                                  
NLS_NUMERIC_CHARACTERS         .,                                                                                                                                                                       
NLS_CALENDAR                   GREGORIAN                                                                                                                                                                
NLS_DATE_FORMAT                DD-MONTH-RRRR                                                                                                                                                            
NLS_DATE_LANGUAGE              AMERICAN                                                                                                                                                                 
NLS_SORT                       BINARY                                                                                                                                                                   
NLS_TIME_FORMAT                HH.MI.SSXFF AM                                                                                                                                                           
NLS_TIMESTAMP_FORMAT           DD-MON-RR HH.MI.SSXFF AM                                                                                                                                                 
NLS_TIME_TZ_FORMAT             HH.MI.SSXFF AM TZR                                                                                                                                                       
NLS_TIMESTAMP_TZ_FORMAT        DD-MON-RR HH.MI.SSXFF AM TZR                                                                                                                                             
NLS_DUAL_CURRENCY              $                                                                                                                                                                        
NLS_COMP                       BINARY                                                                                                                                                                   
NLS_LENGTH_SEMANTICS           BYTE                                                                                                                                                                     
NLS_NCHAR_CONV_EXCP            FALSE                                                                                                                                                                    

17 rows selected.

SQL> REM CHANGE DATE FORMAT TO : DD-MON-RRRR
SQL> 
SQL> ALTER SESSION SET NLS_DATE_FORMAT = 'DD-MON-RRRR';

Session altered.

SQL> REM DISPLAY HIRE_DATE AND IT'S LENGTH
SQL> 
SQL> SELECT HIRE_DATE , LENGTH(HIRE_DATE) FROM EMPLOYEES;

HIRE_DATE   LENGTH(HIRE_DATE)                                                                                                                                                                           
----------- -----------------                                                                                                                                                                           
17-JUL-1987                11                                                                                                                                                                           
21-SEP-1989                11                                                                                                                                                                           
13-JAN-1993                11                                                                                                                                                                           
03-JAN-1990                11                                                                                                                                                                           
21-MAY-1991                11                                                                                                                                                                           
07-FEB-1999                11                                                                                                                                                                           
16-NOV-1999                11                                                                                                                                                                           
17-OCT-1995                11                                                                                                                                                                           
29-JAN-1997                11                                                                                                                                                                           
15-MAR-1998                11                                                                                                                                                                           
09-JUL-1998                11                                                                                                                                                                           
29-JAN-2000                11                                                                                                                                                                           
11-MAY-1996                11                                                                                                                                                                           
24-MAR-1998                11                                                                                                                                                                           
24-MAY-1999                11                                                                                                                                                                           
17-SEP-1987                11                                                                                                                                                                           
17-FEB-1996                11                                                                                                                                                                           
17-AUG-1997                11                                                                                                                                                                           
07-JUN-1994                11                                                                                                                                                                           
07-JUN-1994                11                                                                                                                                                                           

20 rows selected.

SQL> REM SET NEW FORMAT : DD-MONTH-RRRR AND DISPLAY LENGTH
SQL> 
SQL> ALTER SESSION SET NLS_DATE_FORMAT = 'DD-MONTH-RRRR';

Session altered.

SQL> SELECT HIRE_DATE , LENGTH(HIRE_DATE) FROM EMPLOYEES;

HIRE_DATE         LENGTH(HIRE_DATE)                                                                                                                                                                     
----------------- -----------------                                                                                                                                                                     
17-JULY     -1987                17                                                                                                                                                                     
21-SEPTEMBER-1989                17                                                                                                                                                                     
13-JANUARY  -1993                17                                                                                                                                                                     
03-JANUARY  -1990                17                                                                                                                                                                     
21-MAY      -1991                17                                                                                                                                                                     
07-FEBRUARY -1999                17                                                                                                                                                                     
16-NOVEMBER -1999                17                                                                                                                                                                     
17-OCTOBER  -1995                17                                                                                                                                                                     
29-JANUARY  -1997                17                                                                                                                                                                     
15-MARCH    -1998                17                                                                                                                                                                     
09-JULY     -1998                17                                                                                                                                                                     
29-JANUARY  -2000                17                                                                                                                                                                     
11-MAY      -1996                17                                                                                                                                                                     
24-MARCH    -1998                17                                                                                                                                                                     
24-MAY      -1999                17                                                                                                                                                                     
17-SEPTEMBER-1987                17                                                                                                                                                                     
17-FEBRUARY -1996                17                                                                                                                                                                     
17-AUGUST   -1997                17                                                                                                                                                                     
07-JUNE     -1994                17                                                                                                                                                                     
07-JUNE     -1994                17                                                                                                                                                                     

20 rows selected.

SQL> ATLER SESSION SET NLS_DATE_FORMAT = 'DD-MON-RR';
SP2-0734: unknown command beginning "ATLER SESS..." - rest of line ignored.
SQL> 
SQL> ALTER SESSION SET NLS_DATE_FORMAT = 'DD-MON-RR';

Session altered.

SQL> SELECT HIRE_DATE , LENGTH(HIRE_DATE) FROM EMPOYEES;
SELECT HIRE_DATE , LENGTH(HIRE_DATE) FROM EMPOYEES
                                          *
ERROR at line 1:
ORA-00942: table or view does not exist 


SQL> SELECT HIRE_DATE , LENGTH(HIRE_DATE) FROM EMPLOYEES;

HIRE_DATE LENGTH(HIRE_DATE)                                                                                                                                                                             
--------- -----------------                                                                                                                                                                             
17-JUL-87                 9                                                                                                                                                                             
21-SEP-89                 9                                                                                                                                                                             
13-JAN-93                 9                                                                                                                                                                             
03-JAN-90                 9                                                                                                                                                                             
21-MAY-91                 9                                                                                                                                                                             
07-FEB-99                 9                                                                                                                                                                             
16-NOV-99                 9                                                                                                                                                                             
17-OCT-95                 9                                                                                                                                                                             
29-JAN-97                 9                                                                                                                                                                             
15-MAR-98                 9                                                                                                                                                                             
09-JUL-98                 9                                                                                                                                                                             
29-JAN-00                 9                                                                                                                                                                             
11-MAY-96                 9                                                                                                                                                                             
24-MAR-98                 9                                                                                                                                                                             
24-MAY-99                 9                                                                                                                                                                             
17-SEP-87                 9                                                                                                                                                                             
17-FEB-96                 9                                                                                                                                                                             
17-AUG-97                 9                                                                                                                                                                             
07-JUN-94                 9                                                                                                                                                                             
07-JUN-94                 9                                                                                                                                                                             

20 rows selected.

SQL> REM The quick brown fox jumps over the lazy dog.
SQL> 
SQL> REM TRANSLATE : IT REPLACES/REMOVES CHARCTER BY CHARACTER
SQL> 
SQL> SELECT HIRE_DATE , TRANSLATE(HIRE_DATE,'JAN','ja') FROM EMPLOYEES;

HIRE_DATE TRANSLATE(HIRE_DATE,'JAN','JA')                                                                                                                                                               
--------- ------------------------------------------------------------------------                                                                                                                      
17-JUL-87 17-jUL-87                                                                                                                                                                                     
21-SEP-89 21-SEP-89                                                                                                                                                                                     
13-JAN-93 13-ja-93                                                                                                                                                                                      
03-JAN-90 03-ja-90                                                                                                                                                                                      
21-MAY-91 21-MaY-91                                                                                                                                                                                     
07-FEB-99 07-FEB-99                                                                                                                                                                                     
16-NOV-99 16-OV-99                                                                                                                                                                                      
17-OCT-95 17-OCT-95                                                                                                                                                                                     
29-JAN-97 29-ja-97                                                                                                                                                                                      
15-MAR-98 15-MaR-98                                                                                                                                                                                     
09-JUL-98 09-jUL-98                                                                                                                                                                                     
29-JAN-00 29-ja-00                                                                                                                                                                                      
11-MAY-96 11-MaY-96                                                                                                                                                                                     
24-MAR-98 24-MaR-98                                                                                                                                                                                     
24-MAY-99 24-MaY-99                                                                                                                                                                                     
17-SEP-87 17-SEP-87                                                                                                                                                                                     
17-FEB-96 17-FEB-96                                                                                                                                                                                     
17-AUG-97 17-aUG-97                                                                                                                                                                                     
07-JUN-94 07-jU-94                                                                                                                                                                                      
07-JUN-94 07-jU-94                                                                                                                                                                                      

20 rows selected.

SQL> SELECT HIRE_DATE , TRANSLATE(HIRE_DATE,'JAN','jan') FROM EMPLOYEES;

HIRE_DATE TRANSLATE(HIRE_DATE,'JAN','JAN')                                                                                                                                                              
--------- ------------------------------------------------------------------------                                                                                                                      
17-JUL-87 17-jUL-87                                                                                                                                                                                     
21-SEP-89 21-SEP-89                                                                                                                                                                                     
13-JAN-93 13-jan-93                                                                                                                                                                                     
03-JAN-90 03-jan-90                                                                                                                                                                                     
21-MAY-91 21-MaY-91                                                                                                                                                                                     
07-FEB-99 07-FEB-99                                                                                                                                                                                     
16-NOV-99 16-nOV-99                                                                                                                                                                                     
17-OCT-95 17-OCT-95                                                                                                                                                                                     
29-JAN-97 29-jan-97                                                                                                                                                                                     
15-MAR-98 15-MaR-98                                                                                                                                                                                     
09-JUL-98 09-jUL-98                                                                                                                                                                                     
29-JAN-00 29-jan-00                                                                                                                                                                                     
11-MAY-96 11-MaY-96                                                                                                                                                                                     
24-MAR-98 24-MaR-98                                                                                                                                                                                     
24-MAY-99 24-MaY-99                                                                                                                                                                                     
17-SEP-87 17-SEP-87                                                                                                                                                                                     
17-FEB-96 17-FEB-96                                                                                                                                                                                     
17-AUG-97 17-aUG-97                                                                                                                                                                                     
07-JUN-94 07-jUn-94                                                                                                                                                                                     
07-JUN-94 07-jUn-94                                                                                                                                                                                     

20 rows selected.

SQL> SELECT HIRE_DATE , TRANSLATE(HIRE_DATE,'JAN') FROM EMPLOYEES;
SELECT HIRE_DATE , TRANSLATE(HIRE_DATE,'JAN') FROM EMPLOYEES
                   *
ERROR at line 1:
ORA-00909: invalid number of arguments 


SQL> SELECT HIRE_DATE , TRANSLATE(HIRE_DATE,'JAN',' ') FROM EMPLOYEES;

HIRE_DATE TRANSLATE(HIRE_DATE,'JAN','')                                                                                                                                                                 
--------- ------------------------------------------------------------------------                                                                                                                      
17-JUL-87 17- UL-87                                                                                                                                                                                     
21-SEP-89 21-SEP-89                                                                                                                                                                                     
13-JAN-93 13- -93                                                                                                                                                                                       
03-JAN-90 03- -90                                                                                                                                                                                       
21-MAY-91 21-MY-91                                                                                                                                                                                      
07-FEB-99 07-FEB-99                                                                                                                                                                                     
16-NOV-99 16-OV-99                                                                                                                                                                                      
17-OCT-95 17-OCT-95                                                                                                                                                                                     
29-JAN-97 29- -97                                                                                                                                                                                       
15-MAR-98 15-MR-98                                                                                                                                                                                      
09-JUL-98 09- UL-98                                                                                                                                                                                     
29-JAN-00 29- -00                                                                                                                                                                                       
11-MAY-96 11-MY-96                                                                                                                                                                                      
24-MAR-98 24-MR-98                                                                                                                                                                                      
24-MAY-99 24-MY-99                                                                                                                                                                                      
17-SEP-87 17-SEP-87                                                                                                                                                                                     
17-FEB-96 17-FEB-96                                                                                                                                                                                     
17-AUG-97 17-UG-97                                                                                                                                                                                      
07-JUN-94 07- U-94                                                                                                                                                                                      
07-JUN-94 07- U-94                                                                                                                                                                                      

20 rows selected.

SQL> SELECT HIRE_DATE , TRANSLATE(HIRE_DATE,'JAN','   ') FROM EMPLOYEES;

HIRE_DATE TRANSLATE(HIRE_DATE,'JAN','')                                                                                                                                                                 
--------- ------------------------------------------------------------------------                                                                                                                      
17-JUL-87 17- UL-87                                                                                                                                                                                     
21-SEP-89 21-SEP-89                                                                                                                                                                                     
13-JAN-93 13-   -93                                                                                                                                                                                     
03-JAN-90 03-   -90                                                                                                                                                                                     
21-MAY-91 21-M Y-91                                                                                                                                                                                     
07-FEB-99 07-FEB-99                                                                                                                                                                                     
16-NOV-99 16- OV-99                                                                                                                                                                                     
17-OCT-95 17-OCT-95                                                                                                                                                                                     
29-JAN-97 29-   -97                                                                                                                                                                                     
15-MAR-98 15-M R-98                                                                                                                                                                                     
09-JUL-98 09- UL-98                                                                                                                                                                                     
29-JAN-00 29-   -00                                                                                                                                                                                     
11-MAY-96 11-M Y-96                                                                                                                                                                                     
24-MAR-98 24-M R-98                                                                                                                                                                                     
24-MAY-99 24-M Y-99                                                                                                                                                                                     
17-SEP-87 17-SEP-87                                                                                                                                                                                     
17-FEB-96 17-FEB-96                                                                                                                                                                                     
17-AUG-97 17- UG-97                                                                                                                                                                                     
07-JUN-94 07- U -94                                                                                                                                                                                     
07-JUN-94 07- U -94                                                                                                                                                                                     

20 rows selected.

SQL> SELECT HIRE_DATE , TRANSLATE(HIRE_DATE,'#JAN','#') FROM EMPLOYEES;

HIRE_DATE TRANSLATE(HIRE_DATE,'#JAN','#')                                                                                                                                                               
--------- ------------------------------------------------------------------------                                                                                                                      
17-JUL-87 17-UL-87                                                                                                                                                                                      
21-SEP-89 21-SEP-89                                                                                                                                                                                     
13-JAN-93 13--93                                                                                                                                                                                        
03-JAN-90 03--90                                                                                                                                                                                        
21-MAY-91 21-MY-91                                                                                                                                                                                      
07-FEB-99 07-FEB-99                                                                                                                                                                                     
16-NOV-99 16-OV-99                                                                                                                                                                                      
17-OCT-95 17-OCT-95                                                                                                                                                                                     
29-JAN-97 29--97                                                                                                                                                                                        
15-MAR-98 15-MR-98                                                                                                                                                                                      
09-JUL-98 09-UL-98                                                                                                                                                                                      
29-JAN-00 29--00                                                                                                                                                                                        
11-MAY-96 11-MY-96                                                                                                                                                                                      
24-MAR-98 24-MR-98                                                                                                                                                                                      
24-MAY-99 24-MY-99                                                                                                                                                                                      
17-SEP-87 17-SEP-87                                                                                                                                                                                     
17-FEB-96 17-FEB-96                                                                                                                                                                                     
17-AUG-97 17-UG-97                                                                                                                                                                                      
07-JUN-94 07-U-94                                                                                                                                                                                       
07-JUN-94 07-U-94                                                                                                                                                                                       

20 rows selected.

SQL> SELECT HIRE_DATE , TRANSLATE(HIRE_DATE,'-JAN','-') FROM EMPLOYEES;

HIRE_DATE TRANSLATE(HIRE_DATE,'-JAN','-')                                                                                                                                                               
--------- ------------------------------------------------------------------------                                                                                                                      
17-JUL-87 17-UL-87                                                                                                                                                                                      
21-SEP-89 21-SEP-89                                                                                                                                                                                     
13-JAN-93 13--93                                                                                                                                                                                        
03-JAN-90 03--90                                                                                                                                                                                        
21-MAY-91 21-MY-91                                                                                                                                                                                      
07-FEB-99 07-FEB-99                                                                                                                                                                                     
16-NOV-99 16-OV-99                                                                                                                                                                                      
17-OCT-95 17-OCT-95                                                                                                                                                                                     
29-JAN-97 29--97                                                                                                                                                                                        
15-MAR-98 15-MR-98                                                                                                                                                                                      
09-JUL-98 09-UL-98                                                                                                                                                                                      
29-JAN-00 29--00                                                                                                                                                                                        
11-MAY-96 11-MY-96                                                                                                                                                                                      
24-MAR-98 24-MR-98                                                                                                                                                                                      
24-MAY-99 24-MY-99                                                                                                                                                                                      
17-SEP-87 17-SEP-87                                                                                                                                                                                     
17-FEB-96 17-FEB-96                                                                                                                                                                                     
17-AUG-97 17-UG-97                                                                                                                                                                                      
07-JUN-94 07-U-94                                                                                                                                                                                       
07-JUN-94 07-U-94                                                                                                                                                                                       

20 rows selected.

SQL> SELECT HIRE_DATE , TRANSLATE(HIRE_DATE,'ANJ','an') FROM EMPLOYEES;

HIRE_DATE TRANSLATE(HIRE_DATE,'ANJ','AN')                                                                                                                                                               
--------- ------------------------------------------------------------------------                                                                                                                      
17-JUL-87 17-UL-87                                                                                                                                                                                      
21-SEP-89 21-SEP-89                                                                                                                                                                                     
13-JAN-93 13-an-93                                                                                                                                                                                      
03-JAN-90 03-an-90                                                                                                                                                                                      
21-MAY-91 21-MaY-91                                                                                                                                                                                     
07-FEB-99 07-FEB-99                                                                                                                                                                                     
16-NOV-99 16-nOV-99                                                                                                                                                                                     
17-OCT-95 17-OCT-95                                                                                                                                                                                     
29-JAN-97 29-an-97                                                                                                                                                                                      
15-MAR-98 15-MaR-98                                                                                                                                                                                     
09-JUL-98 09-UL-98                                                                                                                                                                                      
29-JAN-00 29-an-00                                                                                                                                                                                      
11-MAY-96 11-MaY-96                                                                                                                                                                                     
24-MAR-98 24-MaR-98                                                                                                                                                                                     
24-MAY-99 24-MaY-99                                                                                                                                                                                     
17-SEP-87 17-SEP-87                                                                                                                                                                                     
17-FEB-96 17-FEB-96                                                                                                                                                                                     
17-AUG-97 17-aUG-97                                                                                                                                                                                     
07-JUN-94 07-Un-94                                                                                                                                                                                      
07-JUN-94 07-Un-94                                                                                                                                                                                      

20 rows selected.

SQL> SELECT HIRE_DATE , TRANSLATE(HIRE_DATE,'#1234567890-','#') FROM EMPLOYEES;

HIRE_DATE TRANSLATE(HIRE_DATE,'#1234567890-','#')                                                                                                                                                       
--------- ------------------------------------------------------------------------                                                                                                                      
17-JUL-87 JUL                                                                                                                                                                                           
21-SEP-89 SEP                                                                                                                                                                                           
13-JAN-93 JAN                                                                                                                                                                                           
03-JAN-90 JAN                                                                                                                                                                                           
21-MAY-91 MAY                                                                                                                                                                                           
07-FEB-99 FEB                                                                                                                                                                                           
16-NOV-99 NOV                                                                                                                                                                                           
17-OCT-95 OCT                                                                                                                                                                                           
29-JAN-97 JAN                                                                                                                                                                                           
15-MAR-98 MAR                                                                                                                                                                                           
09-JUL-98 JUL                                                                                                                                                                                           
29-JAN-00 JAN                                                                                                                                                                                           
11-MAY-96 MAY                                                                                                                                                                                           
24-MAR-98 MAR                                                                                                                                                                                           
24-MAY-99 MAY                                                                                                                                                                                           
17-SEP-87 SEP                                                                                                                                                                                           
17-FEB-96 FEB                                                                                                                                                                                           
17-AUG-97 AUG                                                                                                                                                                                           
07-JUN-94 JUN                                                                                                                                                                                           
07-JUN-94 JUN                                                                                                                                                                                           

20 rows selected.

SQL> REM 1787
SQL> REM 2189
SQL> 
SQL> SELECT HIRE_DATE , TRANSLATE(HIRE_DATE,'#QWERTYUIOOPASDFGHJKLZXCVBNM-','#') FROM EMPLOYEES;

HIRE_DATE TRANSLATE(HIRE_DATE,'#QWERTYUIOOPASDFGHJKLZXCVBNM-','#')                                                                                                                                      
--------- ------------------------------------------------------------------------                                                                                                                      
17-JUL-87 1787                                                                                                                                                                                          
21-SEP-89 2189                                                                                                                                                                                          
13-JAN-93 1393                                                                                                                                                                                          
03-JAN-90 0390                                                                                                                                                                                          
21-MAY-91 2191                                                                                                                                                                                          
07-FEB-99 0799                                                                                                                                                                                          
16-NOV-99 1699                                                                                                                                                                                          
17-OCT-95 1795                                                                                                                                                                                          
29-JAN-97 2997                                                                                                                                                                                          
15-MAR-98 1598                                                                                                                                                                                          
09-JUL-98 0998                                                                                                                                                                                          
29-JAN-00 2900                                                                                                                                                                                          
11-MAY-96 1196                                                                                                                                                                                          
24-MAR-98 2498                                                                                                                                                                                          
24-MAY-99 2499                                                                                                                                                                                          
17-SEP-87 1787                                                                                                                                                                                          
17-FEB-96 1796                                                                                                                                                                                          
17-AUG-97 1797                                                                                                                                                                                          
07-JUN-94 0794                                                                                                                                                                                          
07-JUN-94 0794                                                                                                                                                                                          

20 rows selected.

SQL> REM 17/jul/87
SQL> REM 21/sep/89
SQL> 
SQL> 
SQL> SELECT HIRE_DATE , TRANSLATE(HIRE_DATE,'-','/') FROM EMPLOYEES;

HIRE_DATE TRANSLATE(HIRE_DATE,'-','/')                                                                                                                                                                  
--------- ------------------------------------------------------------------------                                                                                                                      
17-JUL-87 17/JUL/87                                                                                                                                                                                     
21-SEP-89 21/SEP/89                                                                                                                                                                                     
13-JAN-93 13/JAN/93                                                                                                                                                                                     
03-JAN-90 03/JAN/90                                                                                                                                                                                     
21-MAY-91 21/MAY/91                                                                                                                                                                                     
07-FEB-99 07/FEB/99                                                                                                                                                                                     
16-NOV-99 16/NOV/99                                                                                                                                                                                     
17-OCT-95 17/OCT/95                                                                                                                                                                                     
29-JAN-97 29/JAN/97                                                                                                                                                                                     
15-MAR-98 15/MAR/98                                                                                                                                                                                     
09-JUL-98 09/JUL/98                                                                                                                                                                                     
29-JAN-00 29/JAN/00                                                                                                                                                                                     
11-MAY-96 11/MAY/96                                                                                                                                                                                     
24-MAR-98 24/MAR/98                                                                                                                                                                                     
24-MAY-99 24/MAY/99                                                                                                                                                                                     
17-SEP-87 17/SEP/87                                                                                                                                                                                     
17-FEB-96 17/FEB/96                                                                                                                                                                                     
17-AUG-97 17/AUG/97                                                                                                                                                                                     
07-JUN-94 07/JUN/94                                                                                                                                                                                     
07-JUN-94 07/JUN/94                                                                                                                                                                                     

20 rows selected.

SQL> SELECT HIRE_DATE , TRANSLATE(LOWER(HIRE_DATE),'-','/') FROM EMPLOYEES;

HIRE_DATE TRANSLATE(LOWER(HIRE_DATE),'-','/')                                                                                                                                                           
--------- ------------------------------------------------------------------------                                                                                                                      
17-JUL-87 17/jul/87                                                                                                                                                                                     
21-SEP-89 21/sep/89                                                                                                                                                                                     
13-JAN-93 13/jan/93                                                                                                                                                                                     
03-JAN-90 03/jan/90                                                                                                                                                                                     
21-MAY-91 21/may/91                                                                                                                                                                                     
07-FEB-99 07/feb/99                                                                                                                                                                                     
16-NOV-99 16/nov/99                                                                                                                                                                                     
17-OCT-95 17/oct/95                                                                                                                                                                                     
29-JAN-97 29/jan/97                                                                                                                                                                                     
15-MAR-98 15/mar/98                                                                                                                                                                                     
09-JUL-98 09/jul/98                                                                                                                                                                                     
29-JAN-00 29/jan/00                                                                                                                                                                                     
11-MAY-96 11/may/96                                                                                                                                                                                     
24-MAR-98 24/mar/98                                                                                                                                                                                     
24-MAY-99 24/may/99                                                                                                                                                                                     
17-SEP-87 17/sep/87                                                                                                                                                                                     
17-FEB-96 17/feb/96                                                                                                                                                                                     
17-AUG-97 17/aug/97                                                                                                                                                                                     
07-JUN-94 07/jun/94                                                                                                                                                                                     
07-JUN-94 07/jun/94                                                                                                                                                                                     

20 rows selected.

SQL> SELECT HIRE_DATE , LOWER(TRANSLATE(HIRE_DATE)),'-','/') FROM EMPLOYEES;
SELECT HIRE_DATE , LOWER(TRANSLATE(HIRE_DATE)),'-','/') FROM EMPLOYEES
                         *
ERROR at line 1:
ORA-00909: invalid number of arguments 


SQL> SELECT HIRE_DATE , LOWER(TRANSLATE(HIRE_DATE),'-','/')) FROM EMPLOYEES;
SELECT HIRE_DATE , LOWER(TRANSLATE(HIRE_DATE),'-','/')) FROM EMPLOYEES
                         *
ERROR at line 1:
ORA-00909: invalid number of arguments 


SQL> SELECT HIRE_DATE , LOWER(TRANSLATE(HIRE_DATE,'-','/')) FROM EMPLOYEES;

HIRE_DATE LOWER(TRANSLATE(HIRE_DATE,'-','/'))                                                                                                                                                           
--------- ------------------------------------------------------------------------                                                                                                                      
17-JUL-87 17/jul/87                                                                                                                                                                                     
21-SEP-89 21/sep/89                                                                                                                                                                                     
13-JAN-93 13/jan/93                                                                                                                                                                                     
03-JAN-90 03/jan/90                                                                                                                                                                                     
21-MAY-91 21/may/91                                                                                                                                                                                     
07-FEB-99 07/feb/99                                                                                                                                                                                     
16-NOV-99 16/nov/99                                                                                                                                                                                     
17-OCT-95 17/oct/95                                                                                                                                                                                     
29-JAN-97 29/jan/97                                                                                                                                                                                     
15-MAR-98 15/mar/98                                                                                                                                                                                     
09-JUL-98 09/jul/98                                                                                                                                                                                     
29-JAN-00 29/jan/00                                                                                                                                                                                     
11-MAY-96 11/may/96                                                                                                                                                                                     
24-MAR-98 24/mar/98                                                                                                                                                                                     
24-MAY-99 24/may/99                                                                                                                                                                                     
17-SEP-87 17/sep/87                                                                                                                                                                                     
17-FEB-96 17/feb/96                                                                                                                                                                                     
17-AUG-97 17/aug/97                                                                                                                                                                                     
07-JUN-94 07/jun/94                                                                                                                                                                                     
07-JUN-94 07/jun/94                                                                                                                                                                                     

20 rows selected.

SQL> ALTER SESSION SET NLS_DATE_FORMAT='DD/MON/RR';

Session altered.

SQL> SELECT LOWER(HIRE_DATE) FROM EMPLOYEES;

LOWER(HIRE_DATE)                                                                                                                                                                                        
------------------                                                                                                                                                                                      
17/jul/87                                                                                                                                                                                               
21/sep/89                                                                                                                                                                                               
13/jan/93                                                                                                                                                                                               
03/jan/90                                                                                                                                                                                               
21/may/91                                                                                                                                                                                               
07/feb/99                                                                                                                                                                                               
16/nov/99                                                                                                                                                                                               
17/oct/95                                                                                                                                                                                               
29/jan/97                                                                                                                                                                                               
15/mar/98                                                                                                                                                                                               
09/jul/98                                                                                                                                                                                               
29/jan/00                                                                                                                                                                                               
11/may/96                                                                                                                                                                                               
24/mar/98                                                                                                                                                                                               
24/may/99                                                                                                                                                                                               
17/sep/87                                                                                                                                                                                               
17/feb/96                                                                                                                                                                                               
17/aug/97                                                                                                                                                                                               
07/jun/94                                                                                                                                                                                               
07/jun/94                                                                                                                                                                                               

20 rows selected.

SQL> ALTER SESSION SET NLS_DATE_FORMAT='DD-MON-RR';

Session altered.

SQL> 
SQL> REM Steven : stEvEn
SQL> REM Alexander: AlExAndEr
SQL> 
SQL> SELECT FIRST_NAME FROM EMPLOYEES;

FIRST_NAME                                                                                                                                                                                              
---------------                                                                                                                                                                                         
Steven                                                                                                                                                                                                  
Neena                                                                                                                                                                                                   
Lex                                                                                                                                                                                                     
Alexander                                                                                                                                                                                               
Bruce                                                                                                                                                                                                   
Diana                                                                                                                                                                                                   
Kevin                                                                                                                                                                                                   
Trenna                                                                                                                                                                                                  
Curtis                                                                                                                                                                                                  
Randall                                                                                                                                                                                                 
Peter                                                                                                                                                                                                   
Eleni                                                                                                                                                                                                   
Ellen                                                                                                                                                                                                   
Jonathon                                                                                                                                                                                                
Kimerely                                                                                                                                                                                                
Jennifer                                                                                                                                                                                                
Michael                                                                                                                                                                                                 
Pat                                                                                                                                                                                                     
Shelley                                                                                                                                                                                                 
William                                                                                                                                                                                                 

20 rows selected.

SQL> SELECT FIRST_NAME , TRANSLATE(LOWER(FIRST_NAME),'aeiou','AEIOU') FROM EMPLOYEES;

FIRST_NAME      TRANSLATE(LOWER(FIRST_NAME),'AEIOU','AEIOU')                                                                                                                                            
--------------- ------------------------------------------------------------                                                                                                                            
Steven          stEvEn                                                                                                                                                                                  
Neena           nEEnA                                                                                                                                                                                   
Lex             lEx                                                                                                                                                                                     
Alexander       AlExAndEr                                                                                                                                                                               
Bruce           brUcE                                                                                                                                                                                   
Diana           dIAnA                                                                                                                                                                                   
Kevin           kEvIn                                                                                                                                                                                   
Trenna          trEnnA                                                                                                                                                                                  
Curtis          cUrtIs                                                                                                                                                                                  
Randall         rAndAll                                                                                                                                                                                 
Peter           pEtEr                                                                                                                                                                                   
Eleni           ElEnI                                                                                                                                                                                   
Ellen           EllEn                                                                                                                                                                                   
Jonathon        jOnAthOn                                                                                                                                                                                
Kimerely        kImErEly                                                                                                                                                                                
Jennifer        jEnnIfEr                                                                                                                                                                                
Michael         mIchAEl                                                                                                                                                                                 
Pat             pAt                                                                                                                                                                                     
Shelley         shEllEy                                                                                                                                                                                 
William         wIllIAm                                                                                                                                                                                 

20 rows selected.

SQL> SPOOL OFF
